This file contains any messages produced by compilers while
running configure, to aid debugging if configure makes a mistake.

It was created by Wine configure 10.18, which was
generated by GNU Autoconf 2.71.  Invocation command line was

  $ ./configure

## --------- ##
## Platform. ##
## --------- ##

hostname = runnervmf2e7y
uname -m = x86_64
uname -r = 6.11.0-1018-azure
uname -s = Linux
uname -v = #18~24.04.1-Ubuntu SMP Sat Jun 28 04:46:03 UTC 2025

/usr/bin/uname -p = x86_64
/bin/uname -X     = unknown

/bin/arch              = x86_64
/usr/bin/arch -k       = unknown
/usr/convex/getsysinfo = unknown
/usr/bin/hostinfo      = unknown
/bin/machine           = unknown
/usr/bin/oslevel       = unknown
/bin/universe          = unknown

PATH: /snap/bin/
PATH: /home/runner/.local/bin/
PATH: /opt/pipx_bin/
PATH: /home/runner/.cargo/bin/
PATH: /home/runner/.config/composer/vendor/bin/
PATH: /usr/local/.ghcup/bin/
PATH: /home/runner/.dotnet/tools/
PATH: /usr/local/sbin/
PATH: /usr/local/bin/
PATH: /usr/sbin/
PATH: /usr/bin/
PATH: /sbin/
PATH: /bin/
PATH: /usr/games/
PATH: /usr/local/games/
PATH: /snap/bin/


## ----------- ##
## Core tests. ##
## ----------- ##

configure:4126: looking for aux files: config.guess config.sub
configure:4139:  trying ./tools/
configure:4168:   ./tools/config.guess found
configure:4168:   ./tools/config.sub found
configure:4687: checking build system type
configure:4702: result: x86_64-pc-linux-gnu
configure:4722: checking host system type
configure:4736: result: x86_64-pc-linux-gnu
configure:4875: checking for gcc
configure:4896: found /usr/bin/gcc
configure:4907: result: gcc
configure:5260: checking for C compiler version
configure:5269: gcc --version >&5
gcc (Ubuntu 13.3.0-6ubuntu2~24.04) 13.3.0
Copyright (C) 2023 Free Software Foundation, Inc.
This is free software; see the source for copying conditions.  There is NO
warranty; not even for MERCHANTABILITY or FITNESS FOR A PARTICULAR PURPOSE.

configure:5280: $? = 0
configure:5269: gcc -v >&5
Using built-in specs.
COLLECT_GCC=gcc
COLLECT_LTO_WRAPPER=/usr/libexec/gcc/x86_64-linux-gnu/13/lto-wrapper
OFFLOAD_TARGET_NAMES=nvptx-none:amdgcn-amdhsa
OFFLOAD_TARGET_DEFAULT=1
Target: x86_64-linux-gnu
Configured with: ../src/configure -v --with-pkgversion='Ubuntu 13.3.0-6ubuntu2~24.04' --with-bugurl=file:///usr/share/doc/gcc-13/README.Bugs --enable-languages=c,ada,c++,go,d,fortran,objc,obj-c++,m2 --prefix=/usr --with-gcc-major-version-only --program-suffix=-13 --program-prefix=x86_64-linux-gnu- --enable-shared --enable-linker-build-id --libexecdir=/usr/libexec --without-included-gettext --enable-threads=posix --libdir=/usr/lib --enable-nls --enable-bootstrap --enable-clocale=gnu --enable-libstdcxx-debug --enable-libstdcxx-time=yes --with-default-libstdcxx-abi=new --enable-libstdcxx-backtrace --enable-gnu-unique-object --disable-vtable-verify --enable-plugin --enable-default-pie --with-system-zlib --enable-libphobos-checking=release --with-target-system-zlib=auto --enable-objc-gc=auto --enable-multiarch --disable-werror --enable-cet --with-arch-32=i686 --with-abi=m64 --with-multilib-list=m32,m64,mx32 --enable-multilib --with-tune=generic --enable-offload-targets=nvptx-none=/build/gcc-13-fG75Ri/gcc-13-13.3.0/debian/tmp-nvptx/usr,amdgcn-amdhsa=/build/gcc-13-fG75Ri/gcc-13-13.3.0/debian/tmp-gcn/usr --enable-offload-defaulted --without-cuda-driver --enable-checking=release --build=x86_64-linux-gnu --host=x86_64-linux-gnu --target=x86_64-linux-gnu --with-build-config=bootstrap-lto-lean --enable-link-serialization=2
Thread model: posix
Supported LTO compression algorithms: zlib zstd
gcc version 13.3.0 (Ubuntu 13.3.0-6ubuntu2~24.04) 
... rest of stderr output deleted ...
configure:5280: $? = 0
configure:5269: gcc -V >&5
gcc: error: unrecognized command-line option '-V'
gcc: fatal error: no input files
compilation terminated.
configure:5280: $? = 1
configure:5269: gcc -qversion >&5
gcc: error: unrecognized command-line option '-qversion'; did you mean '--version'?
gcc: fatal error: no input files
compilation terminated.
configure:5280: $? = 1
configure:5269: gcc -version >&5
gcc: error: unrecognized command-line option '-version'
gcc: fatal error: no input files
compilation terminated.
configure:5280: $? = 1
configure:5300: checking whether the C compiler works
configure:5322: gcc    conftest.c  >&5
configure:5326: $? = 0
configure:5376: result: yes
configure:5379: checking for C compiler default output file name
configure:5381: result: a.out
configure:5387: checking for suffix of executables
configure:5394: gcc -o conftest    conftest.c  >&5
configure:5398: $? = 0
configure:5421: result: 
configure:5443: checking whether we are cross compiling
configure:5451: gcc -o conftest    conftest.c  >&5
configure:5455: $? = 0
configure:5462: ./conftest
configure:5466: $? = 0
configure:5481: result: no
configure:5486: checking for suffix of object files
configure:5509: gcc -c   conftest.c >&5
configure:5513: $? = 0
configure:5535: result: o
configure:5539: checking whether the compiler supports GNU C
configure:5559: gcc -c   conftest.c >&5
configure:5559: $? = 0
configure:5569: result: yes
configure:5580: checking whether gcc accepts -g
configure:5601: gcc -c -g  conftest.c >&5
configure:5601: $? = 0
configure:5645: result: yes
configure:5665: checking for gcc option to enable C11 features
configure:5680: gcc  -c -g -O2  conftest.c >&5
configure:5680: $? = 0
configure:5698: result: none needed
configure:5877: checking for g++
configure:5898: found /usr/bin/g++
configure:5909: result: g++
configure:5936: checking for C++ compiler version
configure:5945: g++ --version >&5
g++ (Ubuntu 13.3.0-6ubuntu2~24.04) 13.3.0
Copyright (C) 2023 Free Software Foundation, Inc.
This is free software; see the source for copying conditions.  There is NO
warranty; not even for MERCHANTABILITY or FITNESS FOR A PARTICULAR PURPOSE.

configure:5956: $? = 0
configure:5945: g++ -v >&5
Using built-in specs.
COLLECT_GCC=g++
COLLECT_LTO_WRAPPER=/usr/libexec/gcc/x86_64-linux-gnu/13/lto-wrapper
OFFLOAD_TARGET_NAMES=nvptx-none:amdgcn-amdhsa
OFFLOAD_TARGET_DEFAULT=1
Target: x86_64-linux-gnu
Configured with: ../src/configure -v --with-pkgversion='Ubuntu 13.3.0-6ubuntu2~24.04' --with-bugurl=file:///usr/share/doc/gcc-13/README.Bugs --enable-languages=c,ada,c++,go,d,fortran,objc,obj-c++,m2 --prefix=/usr --with-gcc-major-version-only --program-suffix=-13 --program-prefix=x86_64-linux-gnu- --enable-shared --enable-linker-build-id --libexecdir=/usr/libexec --without-included-gettext --enable-threads=posix --libdir=/usr/lib --enable-nls --enable-bootstrap --enable-clocale=gnu --enable-libstdcxx-debug --enable-libstdcxx-time=yes --with-default-libstdcxx-abi=new --enable-libstdcxx-backtrace --enable-gnu-unique-object --disable-vtable-verify --enable-plugin --enable-default-pie --with-system-zlib --enable-libphobos-checking=release --with-target-system-zlib=auto --enable-objc-gc=auto --enable-multiarch --disable-werror --enable-cet --with-arch-32=i686 --with-abi=m64 --with-multilib-list=m32,m64,mx32 --enable-multilib --with-tune=generic --enable-offload-targets=nvptx-none=/build/gcc-13-fG75Ri/gcc-13-13.3.0/debian/tmp-nvptx/usr,amdgcn-amdhsa=/build/gcc-13-fG75Ri/gcc-13-13.3.0/debian/tmp-gcn/usr --enable-offload-defaulted --without-cuda-driver --enable-checking=release --build=x86_64-linux-gnu --host=x86_64-linux-gnu --target=x86_64-linux-gnu --with-build-config=bootstrap-lto-lean --enable-link-serialization=2
Thread model: posix
Supported LTO compression algorithms: zlib zstd
gcc version 13.3.0 (Ubuntu 13.3.0-6ubuntu2~24.04) 
... rest of stderr output deleted ...
configure:5956: $? = 0
configure:5945: g++ -V >&5
g++: error: unrecognized command-line option '-V'
g++: fatal error: no input files
compilation terminated.
configure:5956: $? = 1
configure:5945: g++ -qversion >&5
g++: error: unrecognized command-line option '-qversion'; did you mean '--version'?
g++: fatal error: no input files
compilation terminated.
configure:5956: $? = 1
configure:5960: checking whether the compiler supports GNU C++
configure:5980: g++ -c   conftest.cpp >&5
configure:5980: $? = 0
configure:5990: result: yes
configure:6001: checking whether g++ accepts -g
configure:6022: g++ -c -g  conftest.cpp >&5
configure:6022: $? = 0
configure:6066: result: yes
configure:6086: checking for g++ option to enable C++11 features
configure:6101: g++  -c -g -O2  conftest.cpp >&5
conftest.cpp: In function 'int main(int, char**)':
conftest.cpp:175:25: warning: empty parentheses were disambiguated as a function declaration [-Wvexing-parse]
  175 |   cxx11test::delegate d2();
      |                         ^~
conftest.cpp:175:25: note: remove parentheses to default-initialize a variable
  175 |   cxx11test::delegate d2();
      |                         ^~
      |                         --
conftest.cpp:175:25: note: or replace parentheses with braces to value-initialize a variable
configure:6101: $? = 0
configure:6119: result: none needed
configure:6231: checking for cpp
configure:6252: found /usr/bin/cpp
configure:6263: result: cpp
configure:6336: checking for ld
configure:6357: found /usr/bin/ld
configure:6368: result: ld
configure:6409: checking whether gcc -m32 works
configure:6426: gcc -m32 -o conftest -g -O2   conftest.c  >&5
/usr/bin/ld: cannot find Scrt1.o: No such file or directory
/usr/bin/ld: cannot find crti.o: No such file or directory
/usr/bin/ld: skipping incompatible /usr/lib/gcc/x86_64-linux-gnu/13/libgcc.a when searching for -lgcc
/usr/bin/ld: cannot find -lgcc: No such file or directory
/usr/bin/ld: skipping incompatible /usr/lib/gcc/x86_64-linux-gnu/13/libgcc.a when searching for -lgcc
/usr/bin/ld: cannot find -lgcc: No such file or directory
collect2: error: ld returned 1 exit status
configure:6426: $? = 1
configure: failed program was:
| /* confdefs.h */
| #define PACKAGE_NAME "Wine"
| #define PACKAGE_TARNAME "wine"
| #define PACKAGE_VERSION "10.18"
| #define PACKAGE_STRING "Wine 10.18"
| #define PACKAGE_BUGREPORT "wine-devel@winehq.org"
| #define PACKAGE_URL "https://www.winehq.org"
| #define EXEEXT ""
| /* end confdefs.h.  */
| 
| int
| main (void)
| {
| 
|   ;
|   return 0;
| }
configure:6435: result: no
configure:6437: error: Cannot build a 32-bit program, you need to install 32-bit development libraries.

## ---------------- ##
## Cache variables. ##
## ---------------- ##

ac_cv_build=x86_64-pc-linux-gnu
ac_cv_c_compiler_gnu=yes
ac_cv_cxx_compiler_gnu=yes
ac_cv_env_ALSA_CFLAGS_set=
ac_cv_env_ALSA_CFLAGS_value=
ac_cv_env_ALSA_LIBS_set=
ac_cv_env_ALSA_LIBS_value=
ac_cv_env_CAPI20_CFLAGS_set=
ac_cv_env_CAPI20_CFLAGS_value=
ac_cv_env_CAPI20_LIBS_set=
ac_cv_env_CAPI20_LIBS_value=
ac_cv_env_CAPSTONE_PE_CFLAGS_set=
ac_cv_env_CAPSTONE_PE_CFLAGS_value=
ac_cv_env_CAPSTONE_PE_LIBS_set=
ac_cv_env_CAPSTONE_PE_LIBS_value=
ac_cv_env_CCC_set=
ac_cv_env_CCC_value=
ac_cv_env_CC_set=
ac_cv_env_CC_value=
ac_cv_env_CFLAGS_set=
ac_cv_env_CFLAGS_value=
ac_cv_env_COMPILER_RT_PE_CFLAGS_set=
ac_cv_env_COMPILER_RT_PE_CFLAGS_value=
ac_cv_env_COMPILER_RT_PE_LIBS_set=
ac_cv_env_COMPILER_RT_PE_LIBS_value=
ac_cv_env_CPPFLAGS_set=
ac_cv_env_CPPFLAGS_value=
ac_cv_env_CPP_set=
ac_cv_env_CPP_value=
ac_cv_env_CUPS_CFLAGS_set=
ac_cv_env_CUPS_CFLAGS_value=
ac_cv_env_CUPS_LIBS_set=
ac_cv_env_CUPS_LIBS_value=
ac_cv_env_CXXFLAGS_set=
ac_cv_env_CXXFLAGS_value=
ac_cv_env_CXX_set=
ac_cv_env_CXX_value=
ac_cv_env_DBUS_CFLAGS_set=
ac_cv_env_DBUS_CFLAGS_value=
ac_cv_env_DBUS_LIBS_set=
ac_cv_env_DBUS_LIBS_value=
ac_cv_env_EGL_CFLAGS_set=
ac_cv_env_EGL_CFLAGS_value=
ac_cv_env_EGL_LIBS_set=
ac_cv_env_EGL_LIBS_value=
ac_cv_env_FAUDIO_PE_CFLAGS_set=
ac_cv_env_FAUDIO_PE_CFLAGS_value=
ac_cv_env_FAUDIO_PE_LIBS_set=
ac_cv_env_FAUDIO_PE_LIBS_value=
ac_cv_env_FFMPEG_CFLAGS_set=
ac_cv_env_FFMPEG_CFLAGS_value=
ac_cv_env_FFMPEG_LIBS_set=
ac_cv_env_FFMPEG_LIBS_value=
ac_cv_env_FLUIDSYNTH_PE_CFLAGS_set=
ac_cv_env_FLUIDSYNTH_PE_CFLAGS_value=
ac_cv_env_FLUIDSYNTH_PE_LIBS_set=
ac_cv_env_FLUIDSYNTH_PE_LIBS_value=
ac_cv_env_FONTCONFIG_CFLAGS_set=
ac_cv_env_FONTCONFIG_CFLAGS_value=
ac_cv_env_FONTCONFIG_LIBS_set=
ac_cv_env_FONTCONFIG_LIBS_value=
ac_cv_env_FREETYPE_CFLAGS_set=
ac_cv_env_FREETYPE_CFLAGS_value=
ac_cv_env_FREETYPE_LIBS_set=
ac_cv_env_FREETYPE_LIBS_value=
ac_cv_env_GNUTLS_CFLAGS_set=
ac_cv_env_GNUTLS_CFLAGS_value=
ac_cv_env_GNUTLS_LIBS_set=
ac_cv_env_GNUTLS_LIBS_value=
ac_cv_env_GPHOTO2_CFLAGS_set=
ac_cv_env_GPHOTO2_CFLAGS_value=
ac_cv_env_GPHOTO2_LIBS_set=
ac_cv_env_GPHOTO2_LIBS_value=
ac_cv_env_GPHOTO2_PORT_CFLAGS_set=
ac_cv_env_GPHOTO2_PORT_CFLAGS_value=
ac_cv_env_GPHOTO2_PORT_LIBS_set=
ac_cv_env_GPHOTO2_PORT_LIBS_value=
ac_cv_env_GSM_PE_CFLAGS_set=
ac_cv_env_GSM_PE_CFLAGS_value=
ac_cv_env_GSM_PE_LIBS_set=
ac_cv_env_GSM_PE_LIBS_value=
ac_cv_env_GSSAPI_CFLAGS_set=
ac_cv_env_GSSAPI_CFLAGS_value=
ac_cv_env_GSSAPI_LIBS_set=
ac_cv_env_GSSAPI_LIBS_value=
ac_cv_env_GSTREAMER_CFLAGS_set=
ac_cv_env_GSTREAMER_CFLAGS_value=
ac_cv_env_GSTREAMER_LIBS_set=
ac_cv_env_GSTREAMER_LIBS_value=
ac_cv_env_HWLOC_CFLAGS_set=
ac_cv_env_HWLOC_CFLAGS_value=
ac_cv_env_HWLOC_LIBS_set=
ac_cv_env_HWLOC_LIBS_value=
ac_cv_env_INOTIFY_CFLAGS_set=
ac_cv_env_INOTIFY_CFLAGS_value=
ac_cv_env_INOTIFY_LIBS_set=
ac_cv_env_INOTIFY_LIBS_value=
ac_cv_env_JPEG_PE_CFLAGS_set=
ac_cv_env_JPEG_PE_CFLAGS_value=
ac_cv_env_JPEG_PE_LIBS_set=
ac_cv_env_JPEG_PE_LIBS_value=
ac_cv_env_JXR_PE_CFLAGS_set=
ac_cv_env_JXR_PE_CFLAGS_value=
ac_cv_env_JXR_PE_LIBS_set=
ac_cv_env_JXR_PE_LIBS_value=
ac_cv_env_KRB5_CFLAGS_set=
ac_cv_env_KRB5_CFLAGS_value=
ac_cv_env_KRB5_LIBS_set=
ac_cv_env_KRB5_LIBS_value=
ac_cv_env_LCMS2_PE_CFLAGS_set=
ac_cv_env_LCMS2_PE_CFLAGS_value=
ac_cv_env_LCMS2_PE_LIBS_set=
ac_cv_env_LCMS2_PE_LIBS_value=
ac_cv_env_LDAP_PE_CFLAGS_set=
ac_cv_env_LDAP_PE_CFLAGS_value=
ac_cv_env_LDAP_PE_LIBS_set=
ac_cv_env_LDAP_PE_LIBS_value=
ac_cv_env_LDFLAGS_set=
ac_cv_env_LDFLAGS_value=
ac_cv_env_LIBS_set=
ac_cv_env_LIBS_value=
ac_cv_env_MPG123_PE_CFLAGS_set=
ac_cv_env_MPG123_PE_CFLAGS_value=
ac_cv_env_MPG123_PE_LIBS_set=
ac_cv_env_MPG123_PE_LIBS_value=
ac_cv_env_MUSL_PE_CFLAGS_set=
ac_cv_env_MUSL_PE_CFLAGS_value=
ac_cv_env_MUSL_PE_LIBS_set=
ac_cv_env_MUSL_PE_LIBS_value=
ac_cv_env_NETAPI_CFLAGS_set=
ac_cv_env_NETAPI_CFLAGS_value=
ac_cv_env_NETAPI_LIBS_set=
ac_cv_env_NETAPI_LIBS_value=
ac_cv_env_OBJCFLAGS_set=
ac_cv_env_OBJCFLAGS_value=
ac_cv_env_OBJC_set=
ac_cv_env_OBJC_value=
ac_cv_env_PNG_PE_CFLAGS_set=
ac_cv_env_PNG_PE_CFLAGS_value=
ac_cv_env_PNG_PE_LIBS_set=
ac_cv_env_PNG_PE_LIBS_value=
ac_cv_env_PULSE_CFLAGS_set=
ac_cv_env_PULSE_CFLAGS_value=
ac_cv_env_PULSE_LIBS_set=
ac_cv_env_PULSE_LIBS_value=
ac_cv_env_SANE_CFLAGS_set=
ac_cv_env_SANE_CFLAGS_value=
ac_cv_env_SANE_LIBS_set=
ac_cv_env_SANE_LIBS_value=
ac_cv_env_SDL2_CFLAGS_set=
ac_cv_env_SDL2_CFLAGS_value=
ac_cv_env_SDL2_LIBS_set=
ac_cv_env_SDL2_LIBS_value=
ac_cv_env_TIFF_PE_CFLAGS_set=
ac_cv_env_TIFF_PE_CFLAGS_value=
ac_cv_env_TIFF_PE_LIBS_set=
ac_cv_env_TIFF_PE_LIBS_value=
ac_cv_env_TOMCRYPT_PE_CFLAGS_set=
ac_cv_env_TOMCRYPT_PE_CFLAGS_value=
ac_cv_env_TOMCRYPT_PE_LIBS_set=
ac_cv_env_TOMCRYPT_PE_LIBS_value=
ac_cv_env_UDEV_CFLAGS_set=
ac_cv_env_UDEV_CFLAGS_value=
ac_cv_env_UDEV_LIBS_set=
ac_cv_env_UDEV_LIBS_value=
ac_cv_env_UNWIND_CFLAGS_set=
ac_cv_env_UNWIND_CFLAGS_value=
ac_cv_env_UNWIND_LIBS_set=
ac_cv_env_UNWIND_LIBS_value=
ac_cv_env_USB_CFLAGS_set=
ac_cv_env_USB_CFLAGS_value=
ac_cv_env_USB_LIBS_set=
ac_cv_env_USB_LIBS_value=
ac_cv_env_VKD3D_PE_CFLAGS_set=
ac_cv_env_VKD3D_PE_CFLAGS_value=
ac_cv_env_VKD3D_PE_LIBS_set=
ac_cv_env_VKD3D_PE_LIBS_value=
ac_cv_env_WAYLAND_CLIENT_CFLAGS_set=
ac_cv_env_WAYLAND_CLIENT_CFLAGS_value=
ac_cv_env_WAYLAND_CLIENT_LIBS_set=
ac_cv_env_WAYLAND_CLIENT_LIBS_value=
ac_cv_env_WAYLAND_EGL_CFLAGS_set=
ac_cv_env_WAYLAND_EGL_CFLAGS_value=
ac_cv_env_WAYLAND_EGL_LIBS_set=
ac_cv_env_WAYLAND_EGL_LIBS_value=
ac_cv_env_XKBCOMMON_CFLAGS_set=
ac_cv_env_XKBCOMMON_CFLAGS_value=
ac_cv_env_XKBCOMMON_LIBS_set=
ac_cv_env_XKBCOMMON_LIBS_value=
ac_cv_env_XKBREGISTRY_CFLAGS_set=
ac_cv_env_XKBREGISTRY_CFLAGS_value=
ac_cv_env_XKBREGISTRY_LIBS_set=
ac_cv_env_XKBREGISTRY_LIBS_value=
ac_cv_env_XMKMF_set=
ac_cv_env_XMKMF_value=
ac_cv_env_XML2_PE_CFLAGS_set=
ac_cv_env_XML2_PE_CFLAGS_value=
ac_cv_env_XML2_PE_LIBS_set=
ac_cv_env_XML2_PE_LIBS_value=
ac_cv_env_XSLT_PE_CFLAGS_set=
ac_cv_env_XSLT_PE_CFLAGS_value=
ac_cv_env_XSLT_PE_LIBS_set=
ac_cv_env_XSLT_PE_LIBS_value=
ac_cv_env_ZLIB_PE_CFLAGS_set=
ac_cv_env_ZLIB_PE_CFLAGS_value=
ac_cv_env_ZLIB_PE_LIBS_set=
ac_cv_env_ZLIB_PE_LIBS_value=
ac_cv_env_build_alias_set=
ac_cv_env_build_alias_value=
ac_cv_env_host_alias_set=
ac_cv_env_host_alias_value=
ac_cv_env_target_alias_set=
ac_cv_env_target_alias_value=
ac_cv_host=x86_64-pc-linux-gnu
ac_cv_objext=o
ac_cv_prog_ac_ct_CC=gcc
ac_cv_prog_ac_ct_CPPBIN=cpp
ac_cv_prog_ac_ct_CXX=g++
ac_cv_prog_ac_ct_LD=ld
ac_cv_prog_cc_c11=
ac_cv_prog_cc_g=yes
ac_cv_prog_cc_stdc=
ac_cv_prog_cxx_cxx11=
ac_cv_prog_cxx_g=yes
ac_cv_prog_cxx_stdcxx=
wine_cv_cc_m32=no

## ----------------- ##
## Output variables. ##
## ----------------- ##

ALSA_CFLAGS=''
ALSA_LIBS=''
APPKIT_LIBS=''
APPLICATIONSERVICES_LIBS=''
BISON=''
CAPI20_CFLAGS=''
CAPI20_LIBS=''
CAPSTONE_PE_CFLAGS=''
CAPSTONE_PE_LIBS=''
CC='gcc -m32'
CFLAGS='-g -O2'
COMPILER_RT_PE_CFLAGS=''
COMPILER_RT_PE_LIBS=''
CONFIGURE_TARGETS=''
CONVERT=''
COREAUDIO_LIBS=''
COREFOUNDATION_LIBS=''
CORESERVICES_LIBS=''
CORETEXT_LIBS=''
CPP=''
CPPBIN='cpp'
CPPFLAGS=''
CUPS_CFLAGS=''
CUPS_LIBS=''
CXX='g++ -m32'
CXXFLAGS='-g -O2'
DBUS_CFLAGS=''
DBUS_LIBS=''
DEFS=''
DELAYLOADFLAG=''
DISABLED_SUBDIRS=''
DISKARBITRATION_LIBS=''
DLLEXT=''
DLLFLAGS=''
ECHO_C=''
ECHO_N='-n'
ECHO_T=''
EGL_CFLAGS=''
EGL_LIBS=''
EXEEXT=''
EXTRACFLAGS=''
FAUDIO_PE_CFLAGS=''
FAUDIO_PE_LIBS=''
FFMPEG_CFLAGS=''
FFMPEG_LIBS=''
FLEX=''
FLUIDSYNTH_PE_CFLAGS=''
FLUIDSYNTH_PE_LIBS=''
FONTCONFIG_CFLAGS=''
FONTCONFIG_LIBS=''
FONTFORGE=''
FREETYPE_CFLAGS=''
FREETYPE_LIBS=''
GETTEXTPO_LIBS=''
GNUTLS_CFLAGS=''
GNUTLS_LIBS=''
GPHOTO2_CFLAGS=''
GPHOTO2_LIBS=''
GPHOTO2_PORT_CFLAGS=''
GPHOTO2_PORT_LIBS=''
GSM_PE_CFLAGS=''
GSM_PE_LIBS=''
GSSAPI_CFLAGS=''
GSSAPI_LIBS=''
GSTREAMER_CFLAGS=''
GSTREAMER_LIBS=''
HOST_ARCH=''
HWLOC_CFLAGS=''
HWLOC_LIBS=''
I386_LIBS=''
ICOTOOL=''
INOTIFY_CFLAGS=''
INOTIFY_LIBS=''
IOKIT_LIBS=''
JPEG_PE_CFLAGS=''
JPEG_PE_LIBS=''
JXR_PE_CFLAGS=''
JXR_PE_LIBS=''
KRB5_CFLAGS=''
KRB5_LIBS=''
LCMS2_PE_CFLAGS=''
LCMS2_PE_LIBS=''
LD='ld'
LDAP_PE_CFLAGS=''
LDAP_PE_LIBS=''
LDD=''
LDDLLFLAGS=''
LDEXECFLAGS=''
LDFLAGS=''
LIBOBJS=''
LIBS=''
LN_S=''
LTLIBOBJS=''
MINGW_PKG_CONFIG=''
MPG123_PE_CFLAGS=''
MPG123_PE_LIBS=''
MSGFMT=''
MSVCRTFLAGS=''
MUSL_PE_CFLAGS=''
MUSL_PE_LIBS=''
NETAPI_CFLAGS=''
NETAPI_LIBS=''
OBJC=''
OBJCFLAGS=''
OBJEXT='o'
OPENCL_LIBS=''
OPENGL_LIBS=''
OSS4_CFLAGS=''
OSS4_LIBS=''
OTOOL=''
PACKAGE_BUGREPORT='wine-devel@winehq.org'
PACKAGE_NAME='Wine'
PACKAGE_STRING='Wine 10.18'
PACKAGE_TARNAME='wine'
PACKAGE_URL='https://www.winehq.org'
PACKAGE_VERSION='10.18'
PATH_SEPARATOR=':'
PCAP_LIBS=''
PCSCLITE_LIBS=''
PE_ARCHS=''
PKG_CONFIG=''
PNG_PE_CFLAGS=''
PNG_PE_LIBS=''
PROCSTAT_LIBS=''
PTHREAD_LIBS=''
PULSE_CFLAGS=''
PULSE_LIBS=''
READELF=''
RESOLV_LIBS=''
RSVG=''
RT_LIBS=''
RUNTESTFLAGS=''
SANE_CFLAGS=''
SANE_LIBS=''
SARIF_CONVERTER=''
SDL2_CFLAGS=''
SDL2_LIBS=''
SECURITY_LIBS=''
SED_CMD=''
SHELL='/bin/bash'
STRIP=''
SUBDIRS=''
SYSTEMCONFIGURATION_LIBS=''
TAGSFLAGS=''
TARGETFLAGS=''
TIFF_PE_CFLAGS=''
TIFF_PE_LIBS=''
TOMCRYPT_PE_CFLAGS=''
TOMCRYPT_PE_LIBS=''
TOP_INSTALL_DEV=''
TOP_INSTALL_LIB=''
UDEV_CFLAGS=''
UDEV_LIBS=''
UNIXDLLFLAGS=''
UNIXLDFLAGS=''
UNWIND_CFLAGS=''
UNWIND_LIBS=''
USB_CFLAGS=''
USB_LIBS=''
VKD3D_PE_CFLAGS=''
VKD3D_PE_LIBS=''
WAYLAND_CLIENT_CFLAGS=''
WAYLAND_CLIENT_LIBS=''
WAYLAND_EGL_CFLAGS=''
WAYLAND_EGL_LIBS=''
WAYLAND_SCANNER=''
WINELOADER_DEPENDS=''
WINELOADER_LDFLAGS=''
WINELOADER_PROGRAMS=''
WINEPRELOADER_LDFLAGS=''
XKBCOMMON_CFLAGS=''
XKBCOMMON_LIBS=''
XKBREGISTRY_CFLAGS=''
XKBREGISTRY_LIBS=''
XMKMF=''
XML2_PE_CFLAGS=''
XML2_PE_LIBS=''
XSLT_PE_CFLAGS=''
XSLT_PE_LIBS=''
X_CFLAGS=''
X_LIBS=''
ZLIB_PE_CFLAGS=''
ZLIB_PE_LIBS=''
aarch64_CC=''
aarch64_CFLAGS=''
aarch64_DEBUG=''
aarch64_DELAYLOADFLAG=''
aarch64_DISABLED_SUBDIRS=''
aarch64_EXTRACFLAGS=''
aarch64_LDFLAGS=''
aarch64_STRIP=''
aarch64_TARGET=''
ac_ct_CC='gcc'
ac_ct_CXX='g++'
ac_ct_OBJC=''
arm64ec_CC=''
arm64ec_CFLAGS=''
arm64ec_DEBUG=''
arm64ec_DELAYLOADFLAG=''
arm64ec_DISABLED_SUBDIRS=''
arm64ec_EXTRACFLAGS=''
arm64ec_LDFLAGS=''
arm64ec_STRIP=''
arm64ec_TARGET=''
arm_CC=''
arm_CFLAGS=''
arm_DEBUG=''
arm_DELAYLOADFLAG=''
arm_DISABLED_SUBDIRS=''
arm_EXTRACFLAGS=''
arm_LDFLAGS=''
arm_STRIP=''
arm_TARGET=''
bindir='${exec_prefix}/bin'
build='x86_64-pc-linux-gnu'
build_alias=''
build_cpu='x86_64'
build_os='linux-gnu'
build_vendor='pc'
datadir='${datarootdir}'
datarootdir='${prefix}/share'
docdir='${datarootdir}/doc/${PACKAGE_TARNAME}'
dvidir='${docdir}'
exec_prefix='NONE'
host='x86_64-pc-linux-gnu'
host_alias=''
host_cpu='x86_64'
host_os='linux-gnu'
host_vendor='pc'
htmldir='${docdir}'
i386_CC=''
i386_CFLAGS=''
i386_DEBUG=''
i386_DELAYLOADFLAG=''
i386_DISABLED_SUBDIRS=''
i386_EXTRACFLAGS=''
i386_LDFLAGS=''
i386_STRIP=''
i386_TARGET=''
includedir='${prefix}/include'
infodir='${datarootdir}/info'
libdir='${exec_prefix}/lib'
libexecdir='${exec_prefix}/libexec'
localedir='${datarootdir}/locale'
localstatedir='${prefix}/var'
mandir='${datarootdir}/man'
oldincludedir='/usr/include'
pdfdir='${docdir}'
prefix='NONE'
program_transform_name='s,x,x,'
psdir='${docdir}'
runstatedir='${localstatedir}/run'
sbindir='${exec_prefix}/sbin'
sharedstatedir='${prefix}/com'
srcdir='.'
sysconfdir='${prefix}/etc'
system_dllpath=''
target_alias=''
toolsdir=''
toolsext=''
wine64dir=''
x86_64_CC=''
x86_64_CFLAGS=''
x86_64_DEBUG=''
x86_64_DELAYLOADFLAG=''
x86_64_DISABLED_SUBDIRS=''
x86_64_EXTRACFLAGS=''
x86_64_LDFLAGS=''
x86_64_STRIP=''
x86_64_TARGET=''

## ----------- ##
## confdefs.h. ##
## ----------- ##

/* confdefs.h */
#define PACKAGE_NAME "Wine"
#define PACKAGE_TARNAME "wine"
#define PACKAGE_VERSION "10.18"
#define PACKAGE_STRING "Wine 10.18"
#define PACKAGE_BUGREPORT "wine-devel@winehq.org"
#define PACKAGE_URL "https://www.winehq.org"
#define EXEEXT ""

configure: exit 1
